Archive member included to satisfy reference by file (symbol)

/usr/lib/gcc/arm-none-eabi/16.1.0/../../../../arm-none-eabi/lib/thumb/v7-m/nofp/libg.a(libc_a-memset.o)
                              FreeRTOS/tasks.o (memset)
/usr/lib/gcc/arm-none-eabi/16.1.0/../../../../arm-none-eabi/lib/thumb/v7-m/nofp/libg.a(libc_a-init.o)
                              CMSIS/startup_stm32f103xb.o (__libc_init_array)
/usr/lib/gcc/arm-none-eabi/16.1.0/../../../../arm-none-eabi/lib/thumb/v7-m/nofp/libg.a(libc_a-memcpy.o)
                              FreeRTOS/queue.o (memcpy)

Merging object attributes


Discarded input sections

 .text          0x00000000       0x14 CMSIS/startup_stm32f103xb.o
 .data          0x00000000        0x0 CMSIS/startup_stm32f103xb.o
 .bss           0x00000000        0x0 CMSIS/startup_stm32f103xb.o
 .text          0x00000000        0x0 CMSIS/system_stm32f1xx.o
 .data          0x00000000        0x0 CMSIS/system_stm32f1xx.o
 .bss           0x00000000        0x0 CMSIS/system_stm32f1xx.o
 .rodata.APBPrescTable
                0x00000000        0x8 CMSIS/system_stm32f1xx.o
 .bss.var1      0x00000000        0x4 CMSIS/system_stm32f1xx.o
 .bss.var2      0x00000000        0x4 CMSIS/system_stm32f1xx.o
 .text          0x00000000        0x0 CMSIS/syscalls.o
 .data          0x00000000        0x0 CMSIS/syscalls.o
 .bss           0x00000000        0x0 CMSIS/syscalls.o
 .text._exit    0x00000000        0xa CMSIS/syscalls.o
 .text._close   0x00000000       0x16 CMSIS/syscalls.o
 .text._fstat   0x00000000       0x1e CMSIS/syscalls.o
 .text._isatty  0x00000000       0x14 CMSIS/syscalls.o
 .text._lseek   0x00000000       0x18 CMSIS/syscalls.o
 .text._read    0x00000000       0x18 CMSIS/syscalls.o
 .text._write   0x00000000       0x18 CMSIS/syscalls.o
 .text          0x00000000        0x0 src/main.o
 .data          0x00000000        0x0 src/main.o
 .bss           0x00000000        0x0 src/main.o
 .text          0x00000000        0x0 FreeRTOS/list.o
 .data          0x00000000        0x0 FreeRTOS/list.o
 .bss           0x00000000        0x0 FreeRTOS/list.o
 .text.vListInsertEnd
                0x00000000       0x46 FreeRTOS/list.o
 .text          0x00000000        0x0 FreeRTOS/queue.o
 .data          0x00000000        0x0 FreeRTOS/queue.o
 .bss           0x00000000        0x0 FreeRTOS/queue.o
 .text.xQueueGenericSend
                0x00000000      0x154 FreeRTOS/queue.o
 .text.xQueueGenericSendFromISR
                0x00000000       0xca FreeRTOS/queue.o
 .text.xQueueGiveFromISR
                0x00000000       0xb8 FreeRTOS/queue.o
 .text.xQueueSemaphoreTake
                0x00000000      0x13c FreeRTOS/queue.o
 .text.xQueuePeek
                0x00000000      0x148 FreeRTOS/queue.o
 .text.xQueueReceiveFromISR
                0x00000000       0xc2 FreeRTOS/queue.o
 .text.xQueuePeekFromISR
                0x00000000       0x66 FreeRTOS/queue.o
 .text.uxQueueMessagesWaiting
                0x00000000       0x20 FreeRTOS/queue.o
 .text.uxQueueSpacesAvailable
                0x00000000       0x2a FreeRTOS/queue.o
 .text.uxQueueMessagesWaitingFromISR
                0x00000000       0x1e FreeRTOS/queue.o
 .text.vQueueDelete
                0x00000000       0x1a FreeRTOS/queue.o
 .text.uxQueueGetQueueItemSize
                0x00000000       0x16 FreeRTOS/queue.o
 .text.uxQueueGetQueueLength
                0x00000000       0x16 FreeRTOS/queue.o
 .text.prvCopyDataToQueue
                0x00000000       0xb8 FreeRTOS/queue.o
 .text.xQueueIsQueueEmptyFromISR
                0x00000000       0x2a FreeRTOS/queue.o
 .text.prvIsQueueFull
                0x00000000       0x30 FreeRTOS/queue.o
 .text.xQueueIsQueueFullFromISR
                0x00000000       0x2e FreeRTOS/queue.o
 .text          0x00000000        0x0 FreeRTOS/tasks.o
 .data          0x00000000        0x0 FreeRTOS/tasks.o
 .bss           0x00000000        0x0 FreeRTOS/tasks.o
 .text.vTaskDelete
                0x00000000      0x120 FreeRTOS/tasks.o
 .text.xTaskDelayUntil
                0x00000000       0xa4 FreeRTOS/tasks.o
 .text.uxTaskPriorityGet
                0x00000000       0x34 FreeRTOS/tasks.o
 .text.uxTaskPriorityGetFromISR
                0x00000000       0x58 FreeRTOS/tasks.o
 .text.vTaskPrioritySet
                0x00000000      0x17c FreeRTOS/tasks.o
 .text.vTaskEndScheduler
                0x00000000       0x64 FreeRTOS/tasks.o
 .text.xTaskGetTickCountFromISR
                0x00000000       0x20 FreeRTOS/tasks.o
 .text.uxTaskGetNumberOfTasks
                0x00000000       0x14 FreeRTOS/tasks.o
 .text.pcTaskGetName
                0x00000000       0x2c FreeRTOS/tasks.o
 .text.xTaskCatchUpTicks
                0x00000000       0x34 FreeRTOS/tasks.o
 .text.vTaskPlaceOnUnorderedEventList
                0x00000000       0x70 FreeRTOS/tasks.o
 .text.vTaskRemoveFromUnorderedEventList
                0x00000000      0x144 FreeRTOS/tasks.o
 .text.vTaskSetTimeOutState
                0x00000000       0x30 FreeRTOS/tasks.o
 .text.xTaskGetCurrentTaskHandle
                0x00000000       0x1c FreeRTOS/tasks.o
 .text.xTaskGetCurrentTaskHandleForCore
                0x00000000       0x30 FreeRTOS/tasks.o
 .text.xTaskGetSchedulerState
                0x00000000       0x3c FreeRTOS/tasks.o
 .text.uxTaskResetEventItemValue
                0x00000000       0x30 FreeRTOS/tasks.o
 .text.ulTaskGenericNotifyTake
                0x00000000       0xe0 FreeRTOS/tasks.o
 .text.xTaskGenericNotifyWait
                0x00000000      0x110 FreeRTOS/tasks.o
 .text.xTaskGenericNotify
                0x00000000      0x1d4 FreeRTOS/tasks.o
 .text.xTaskGenericNotifyFromISR
                0x00000000      0x24c FreeRTOS/tasks.o
 .text.vTaskGenericNotifyGiveFromISR
                0x00000000      0x1bc FreeRTOS/tasks.o
 .text.xTaskGenericNotifyStateClear
                0x00000000       0x58 FreeRTOS/tasks.o
 .text.ulTaskGenericNotifyValueClear
                0x00000000       0x60 FreeRTOS/tasks.o
 .text.vTaskResetState
                0x00000000       0xa0 FreeRTOS/tasks.o
 .text          0x00000000        0x0 FreeRTOS/timers.o
 .data          0x00000000        0x0 FreeRTOS/timers.o
 .bss           0x00000000        0x0 FreeRTOS/timers.o
 .text.xTimerCreate
                0x00000000       0x42 FreeRTOS/timers.o
 .text.prvInitialiseNewTimer
                0x00000000       0x54 FreeRTOS/timers.o
 .text.xTimerGenericCommandFromTask
                0x00000000       0x6c FreeRTOS/timers.o
 .text.xTimerGenericCommandFromISR
                0x00000000       0x4c FreeRTOS/timers.o
 .text.xTimerGetTimerDaemonTaskHandle
                0x00000000       0x14 FreeRTOS/timers.o
 .text.xTimerGetPeriod
                0x00000000       0x1a FreeRTOS/timers.o
 .text.vTimerSetReloadMode
                0x00000000       0x4a FreeRTOS/timers.o
 .text.xTimerGetReloadMode
                0x00000000       0x36 FreeRTOS/timers.o
 .text.uxTimerGetReloadMode
                0x00000000       0x1c FreeRTOS/timers.o
 .text.xTimerGetExpiryTime
                0x00000000       0x1e FreeRTOS/timers.o
 .text.pcTimerGetName
                0x00000000       0x1a FreeRTOS/timers.o
 .text.xTimerIsTimerActive
                0x00000000       0x36 FreeRTOS/timers.o
 .text.pvTimerGetTimerID
                0x00000000       0x24 FreeRTOS/timers.o
 .text.vTimerSetTimerID
                0x00000000       0x24 FreeRTOS/timers.o
 .text.vTimerResetState
                0x00000000       0x20 FreeRTOS/timers.o
 .text          0x00000000        0x0 FreeRTOS/portable/MemMang/heap_4.o
 .data          0x00000000        0x0 FreeRTOS/portable/MemMang/heap_4.o
 .bss           0x00000000        0x0 FreeRTOS/portable/MemMang/heap_4.o
 .rodata.xHeapStructSize
                0x00000000        0x4 FreeRTOS/portable/MemMang/heap_4.o
 .text.xPortGetFreeHeapSize
                0x00000000       0x14 FreeRTOS/portable/MemMang/heap_4.o
 .text.xPortGetMinimumEverFreeHeapSize
                0x00000000       0x14 FreeRTOS/portable/MemMang/heap_4.o
 .text.vPortInitialiseBlocks
                0x00000000        0xc FreeRTOS/portable/MemMang/heap_4.o
 .text.pvPortCalloc
                0x00000000       0x60 FreeRTOS/portable/MemMang/heap_4.o
 .text.vPortGetHeapStats
                0x00000000       0xbc FreeRTOS/portable/MemMang/heap_4.o
 .text.vPortHeapResetState
                0x00000000       0x40 FreeRTOS/portable/MemMang/heap_4.o
 .text          0x00000000        0x0 FreeRTOS/portable/GCC/ARM_CM3/port.o
 .data          0x00000000        0x0 FreeRTOS/portable/GCC/ARM_CM3/port.o
 .bss           0x00000000        0x0 FreeRTOS/portable/GCC/ARM_CM3/port.o
 .text.vPortEndScheduler
                0x00000000        0xc FreeRTOS/portable/GCC/ARM_CM3/port.o
 .text          0x00000000        0x0 /usr/lib/gcc/arm-none-eabi/16.1.0/../../../../arm-none-eabi/lib/thumb/v7-m/nofp/libg.a(libc_a-memset.o)
 .data          0x00000000        0x0 /usr/lib/gcc/arm-none-eabi/16.1.0/../../../../arm-none-eabi/lib/thumb/v7-m/nofp/libg.a(libc_a-memset.o)
 .bss           0x00000000        0x0 /usr/lib/gcc/arm-none-eabi/16.1.0/../../../../arm-none-eabi/lib/thumb/v7-m/nofp/libg.a(libc_a-memset.o)
 .text          0x00000000        0x0 /usr/lib/gcc/arm-none-eabi/16.1.0/../../../../arm-none-eabi/lib/thumb/v7-m/nofp/libg.a(libc_a-init.o)
 .data          0x00000000        0x0 /usr/lib/gcc/arm-none-eabi/16.1.0/../../../../arm-none-eabi/lib/thumb/v7-m/nofp/libg.a(libc_a-init.o)
 .bss           0x00000000        0x0 /usr/lib/gcc/arm-none-eabi/16.1.0/../../../../arm-none-eabi/lib/thumb/v7-m/nofp/libg.a(libc_a-init.o)
 .data          0x00000000        0x0 /usr/lib/gcc/arm-none-eabi/16.1.0/../../../../arm-none-eabi/lib/thumb/v7-m/nofp/libg.a(libc_a-memcpy.o)
 .bss           0x00000000        0x0 /usr/lib/gcc/arm-none-eabi/16.1.0/../../../../arm-none-eabi/lib/thumb/v7-m/nofp/libg.a(libc_a-memcpy.o)
 .ARM.extab     0x00000000        0x0 /usr/lib/gcc/arm-none-eabi/16.1.0/../../../../arm-none-eabi/lib/thumb/v7-m/nofp/libg.a(libc_a-memcpy.o)

Memory Configuration

Name             Origin             Length             Attributes
FLASH            0x08000000         0x00020000         xr
RAM              0x20000000         0x00005000         xrw
*default*        0x00000000         0xffffffff

Linker script and memory map

LOAD CMSIS/startup_stm32f103xb.o
LOAD CMSIS/system_stm32f1xx.o
LOAD CMSIS/syscalls.o
LOAD src/main.o
LOAD FreeRTOS/list.o
LOAD FreeRTOS/queue.o
LOAD FreeRTOS/tasks.o
LOAD FreeRTOS/timers.o
LOAD FreeRTOS/portable/MemMang/heap_4.o
LOAD FreeRTOS/portable/GCC/ARM_CM3/port.o
START GROUP
LOAD /usr/lib/gcc/arm-none-eabi/16.1.0/thumb/v7-m/nofp/libgcc.a
LOAD /usr/lib/gcc/arm-none-eabi/16.1.0/../../../../arm-none-eabi/lib/thumb/v7-m/nofp/libg.a
LOAD /usr/lib/gcc/arm-none-eabi/16.1.0/../../../../arm-none-eabi/lib/thumb/v7-m/nofp/libc.a
END GROUP
                0x20004fff                        _estack = 0x20004fff
                0x00000200                        _Min_Heap_Size = 0x200
                0x00000400                        _Min_Stack_Size = 0x400

.isr_vector     0x08000000      0x10c
                0x08000000                        . = ALIGN (0x4)
 *(.isr_vector)
 .isr_vector    0x08000000      0x10c CMSIS/startup_stm32f103xb.o
                0x08000000                g_pfnVectors
                0x0800010c                        . = ALIGN (0x4)

.text           0x08000110     0x220c
                0x08000110                        . = ALIGN (0x4)
 *(.text)
 .text          0x08000110       0xec /usr/lib/gcc/arm-none-eabi/16.1.0/../../../../arm-none-eabi/lib/thumb/v7-m/nofp/libg.a(libc_a-memcpy.o)
                0x08000110                memcpy
 *(.text*)
 .text.Reset_Handler
                0x080001fc       0x48 CMSIS/startup_stm32f103xb.o
                0x080001fc                Reset_Handler
 .text.Default_Handler
                0x08000244        0x2 CMSIS/startup_stm32f103xb.o
                0x08000244                RTC_Alarm_IRQHandler
                0x08000244                EXTI2_IRQHandler
                0x08000244                DebugMon_Handler
                0x08000244                TIM1_CC_IRQHandler
                0x08000244                HardFault_Handler
                0x08000244                PVD_IRQHandler
                0x08000244                NMI_Handler
                0x08000244                EXTI3_IRQHandler
                0x08000244                EXTI0_IRQHandler
                0x08000244                I2C2_EV_IRQHandler
                0x08000244                UsageFault_Handler
                0x08000244                ADC1_2_IRQHandler
                0x08000244                SPI1_IRQHandler
                0x08000244                TAMPER_IRQHandler
                0x08000244                DMA1_Channel4_IRQHandler
                0x08000244                USART3_IRQHandler
                0x08000244                RTC_IRQHandler
                0x08000244                DMA1_Channel7_IRQHandler
                0x08000244                CAN1_RX1_IRQHandler
                0x08000244                TIM4_IRQHandler
                0x08000244                I2C1_EV_IRQHandler
                0x08000244                DMA1_Channel6_IRQHandler
                0x08000244                TIM3_IRQHandler
                0x08000244                RCC_IRQHandler
                0x08000244                TIM1_TRG_COM_IRQHandler
                0x08000244                DMA1_Channel1_IRQHandler
                0x08000244                Default_Handler
                0x08000244                EXTI15_10_IRQHandler
                0x08000244                EXTI9_5_IRQHandler
                0x08000244                SPI2_IRQHandler
                0x08000244                MemManage_Handler
                0x08000244                DMA1_Channel5_IRQHandler
                0x08000244                EXTI4_IRQHandler
                0x08000244                USB_LP_CAN1_RX0_IRQHandler
                0x08000244                USB_HP_CAN1_TX_IRQHandler
                0x08000244                DMA1_Channel3_IRQHandler
                0x08000244                TIM1_UP_IRQHandler
                0x08000244                WWDG_IRQHandler
                0x08000244                TIM2_IRQHandler
                0x08000244                TIM1_BRK_IRQHandler
                0x08000244                EXTI1_IRQHandler
                0x08000244                USART2_IRQHandler
                0x08000244                I2C2_ER_IRQHandler
                0x08000244                DMA1_Channel2_IRQHandler
                0x08000244                CAN1_SCE_IRQHandler
                0x08000244                FLASH_IRQHandler
                0x08000244                BusFault_Handler
                0x08000244                USART1_IRQHandler
                0x08000244                I2C1_ER_IRQHandler
                0x08000244                USBWakeUp_IRQHandler
 *fill*         0x08000246        0x2 
 .text.SystemInit
                0x08000248       0xd4 CMSIS/system_stm32f1xx.o
                0x08000248                SystemInit
 .text.SystemCoreClockUpdate
                0x0800031c       0xe4 CMSIS/system_stm32f1xx.o
                0x0800031c                SystemCoreClockUpdate
 .text._init    0x08000400        0xc CMSIS/syscalls.o
                0x08000400                _init
 .text.vBlinkTask
                0x0800040c       0x30 src/main.o
                0x0800040c                vBlinkTask
 .text.main     0x0800043c       0x68 src/main.o
                0x0800043c                main
 .text.vListInitialise
                0x080004a4       0x3e FreeRTOS/list.o
                0x080004a4                vListInitialise
 .text.vListInitialiseItem
                0x080004e2       0x18 FreeRTOS/list.o
                0x080004e2                vListInitialiseItem
 .text.vListInsert
                0x080004fa       0x70 FreeRTOS/list.o
                0x080004fa                vListInsert
 .text.uxListRemove
                0x0800056a       0x52 FreeRTOS/list.o
                0x0800056a                uxListRemove
 .text.xQueueGenericReset
                0x080005bc       0xe8 FreeRTOS/queue.o
                0x080005bc                xQueueGenericReset
 .text.xQueueGenericCreate
                0x080006a4       0x7e FreeRTOS/queue.o
                0x080006a4                xQueueGenericCreate
 .text.prvInitialiseNewQueue
                0x08000722       0x3e FreeRTOS/queue.o
 .text.xQueueReceive
                0x08000760      0x144 FreeRTOS/queue.o
                0x08000760                xQueueReceive
 .text.prvCopyDataFromQueue
                0x080008a4       0x4c FreeRTOS/queue.o
 .text.prvUnlockQueue
                0x080008f0       0xa4 FreeRTOS/queue.o
 .text.prvIsQueueEmpty
                0x08000994       0x2c FreeRTOS/queue.o
 .text.vQueueWaitForMessageRestricted
                0x080009c0       0x68 FreeRTOS/queue.o
                0x080009c0                vQueueWaitForMessageRestricted
 .text.prvCreateTask
                0x08000a28       0x78 FreeRTOS/tasks.o
 .text.xTaskCreate
                0x08000aa0       0x46 FreeRTOS/tasks.o
                0x08000aa0                xTaskCreate
 .text.prvInitialiseNewTask
                0x08000ae6       0xca FreeRTOS/tasks.o
 .text.prvAddNewTaskToReadyList
                0x08000bb0      0x128 FreeRTOS/tasks.o
 .text.vTaskDelay
                0x08000cd8       0x48 FreeRTOS/tasks.o
                0x08000cd8                vTaskDelay
 .text.prvCreateIdleTasks
                0x08000d20       0x94 FreeRTOS/tasks.o
 .text.vTaskStartScheduler
                0x08000db4       0x68 FreeRTOS/tasks.o
                0x08000db4                vTaskStartScheduler
 .text.vTaskSuspendAll
                0x08000e1c       0x1c FreeRTOS/tasks.o
                0x08000e1c                vTaskSuspendAll
 .text.xTaskResumeAll
                0x08000e38      0x1f0 FreeRTOS/tasks.o
                0x08000e38                xTaskResumeAll
 .text.xTaskGetTickCount
                0x08001028       0x1c FreeRTOS/tasks.o
                0x08001028                xTaskGetTickCount
 .text.xTaskIncrementTick
                0x08001044      0x210 FreeRTOS/tasks.o
                0x08001044                xTaskIncrementTick
 .text.vTaskSwitchContext
                0x08001254       0x8c FreeRTOS/tasks.o
                0x08001254                vTaskSwitchContext
 .text.vTaskPlaceOnEventList
                0x080012e0       0x2c FreeRTOS/tasks.o
                0x080012e0                vTaskPlaceOnEventList
 .text.vTaskPlaceOnEventListRestricted
                0x0800130c       0x70 FreeRTOS/tasks.o
                0x0800130c                vTaskPlaceOnEventListRestricted
 .text.xTaskRemoveFromEventList
                0x0800137c      0x194 FreeRTOS/tasks.o
                0x0800137c                xTaskRemoveFromEventList
 .text.vTaskInternalSetTimeOutState
                0x08001510       0x2c FreeRTOS/tasks.o
                0x08001510                vTaskInternalSetTimeOutState
 .text.xTaskCheckForTimeOut
                0x0800153c       0x84 FreeRTOS/tasks.o
                0x0800153c                xTaskCheckForTimeOut
 .text.vTaskMissedYield
                0x080015c0       0x18 FreeRTOS/tasks.o
                0x080015c0                vTaskMissedYield
 .text.prvIdleTask
                0x080015d8       0x30 FreeRTOS/tasks.o
 .text.prvInitialiseTaskLists
                0x08001608       0x74 FreeRTOS/tasks.o
 .text.prvCheckTasksWaitingTermination
                0x0800167c       0x5c FreeRTOS/tasks.o
 .text.prvDeleteTCB
                0x080016d8       0x20 FreeRTOS/tasks.o
 .text.prvResetNextTaskUnblockTime
                0x080016f8       0x34 FreeRTOS/tasks.o
 .text.prvAddCurrentTaskToDelayedList
                0x0800172c       0xac FreeRTOS/tasks.o
 .text.xTimerCreateTimerTask
                0x080017d8       0x48 FreeRTOS/timers.o
                0x080017d8                xTimerCreateTimerTask
 .text.prvReloadTimer
                0x08001820       0x42 FreeRTOS/timers.o
 *fill*         0x08001862        0x2 
 .text.prvProcessExpiredTimer
                0x08001864       0x60 FreeRTOS/timers.o
 .text.prvTimerTask
                0x080018c4       0x24 FreeRTOS/timers.o
 .text.prvProcessTimerOrBlockTask
                0x080018e8       0x9c FreeRTOS/timers.o
 .text.prvGetNextExpireTime
                0x08001984       0x44 FreeRTOS/timers.o
 .text.prvSampleTimeNow
                0x080019c8       0x40 FreeRTOS/timers.o
 .text.prvInsertTimerInActiveList
                0x08001a08       0x84 FreeRTOS/timers.o
 .text.prvProcessReceivedCommands
                0x08001a8c      0x164 FreeRTOS/timers.o
 .text.prvSwitchTimerLists
                0x08001bf0       0x4c FreeRTOS/timers.o
 .text.prvCheckForValidListAndQueue
                0x08001c3c       0x54 FreeRTOS/timers.o
 .text.pvPortMalloc
                0x08001c90      0x15c FreeRTOS/portable/MemMang/heap_4.o
                0x08001c90                pvPortMalloc
 .text.vPortFree
                0x08001dec       0x7c FreeRTOS/portable/MemMang/heap_4.o
                0x08001dec                vPortFree
 .text.prvHeapInit
                0x08001e68       0xb4 FreeRTOS/portable/MemMang/heap_4.o
 .text.prvInsertBlockIntoFreeList
                0x08001f1c       0xb0 FreeRTOS/portable/MemMang/heap_4.o
 .text.pxPortInitialiseStack
                0x08001fcc       0x58 FreeRTOS/portable/GCC/ARM_CM3/port.o
                0x08001fcc                pxPortInitialiseStack
 .text.prvTaskExitError
                0x08002024       0x32 FreeRTOS/portable/GCC/ARM_CM3/port.o
 *fill*         0x08002056        0xa 
 .text.vPortSVCHandler
                0x08002060       0x28 FreeRTOS/portable/GCC/ARM_CM3/port.o
                0x08002060                SVC_Handler
                0x08002060                vPortSVCHandler
 .text.prvPortStartFirstTask
                0x08002088       0x24 FreeRTOS/portable/GCC/ARM_CM3/port.o
 .text.xPortStartScheduler
                0x080020ac       0x5c FreeRTOS/portable/GCC/ARM_CM3/port.o
                0x080020ac                xPortStartScheduler
 .text.vPortEnterCritical
                0x08002108       0x34 FreeRTOS/portable/GCC/ARM_CM3/port.o
                0x08002108                vPortEnterCritical
 .text.vPortExitCritical
                0x0800213c       0x34 FreeRTOS/portable/GCC/ARM_CM3/port.o
                0x0800213c                vPortExitCritical
 .text.xPortPendSVHandler
                0x08002170       0x48 FreeRTOS/portable/GCC/ARM_CM3/port.o
                0x08002170                PendSV_Handler
                0x08002170                xPortPendSVHandler
 .text.xPortSysTickHandler
                0x080021b8       0x44 FreeRTOS/portable/GCC/ARM_CM3/port.o
                0x080021b8                SysTick_Handler
                0x080021b8                xPortSysTickHandler
 .text.vPortSetupTimerInterrupt
                0x080021fc       0x44 FreeRTOS/portable/GCC/ARM_CM3/port.o
                0x080021fc                vPortSetupTimerInterrupt
 .text.memset   0x08002240       0x8c /usr/lib/gcc/arm-none-eabi/16.1.0/../../../../arm-none-eabi/lib/thumb/v7-m/nofp/libg.a(libc_a-memset.o)
                0x08002240                memset
 .text.__libc_init_array
                0x080022cc       0x50 /usr/lib/gcc/arm-none-eabi/16.1.0/../../../../arm-none-eabi/lib/thumb/v7-m/nofp/libg.a(libc_a-init.o)
                0x080022cc                __libc_init_array
 *(.glue_7)
 .glue_7        0x0800231c        0x0 linker stubs
 *(.glue_7t)
 .glue_7t       0x0800231c        0x0 linker stubs
 *(.eh_frame)
 *(.init)
 *(.fini)
                0x0800231c                        . = ALIGN (0x4)
                0x0800231c                        _etext = .

.vfp11_veneer   0x0800231c        0x0
 .vfp11_veneer  0x0800231c        0x0 linker stubs

.v4_bx          0x0800231c        0x0
 .v4_bx         0x0800231c        0x0 linker stubs

.iplt           0x0800231c        0x0
 .iplt          0x0800231c        0x0 CMSIS/startup_stm32f103xb.o

.rodata         0x0800231c       0x28
                0x0800231c                        . = ALIGN (0x4)
 *(.rodata)
 .rodata        0x0800231c        0x6 src/main.o
 *fill*         0x08002322        0x2 
 .rodata        0x08002324        0x5 FreeRTOS/tasks.o
 *fill*         0x08002329        0x3 
 .rodata        0x0800232c        0x8 FreeRTOS/timers.o
 *(.rodata*)
 .rodata.AHBPrescTable
                0x08002334       0x10 CMSIS/system_stm32f1xx.o
                0x08002334                AHBPrescTable
                0x08002344                        . = ALIGN (0x4)

.ARM.extab
 *(.ARM.extab* .gnu.linkonce.armextab.*)

.ARM            0x08002344        0x8
                0x08002344                        __exidx_start = .
 *(.ARM.exidx*)
 .ARM.exidx     0x08002344        0x8 /usr/lib/gcc/arm-none-eabi/16.1.0/../../../../arm-none-eabi/lib/thumb/v7-m/nofp/libg.a(libc_a-memcpy.o)
                0x0800234c                        __exidx_end = .

.rel.dyn        0x0800234c        0x0
 .rel.iplt      0x0800234c        0x0 CMSIS/startup_stm32f103xb.o

.preinit_array  0x0800234c        0x0
                0x0800234c                        PROVIDE (__preinit_array_start = .)
 *(.preinit_array*)
                0x0800234c                        PROVIDE (__preinit_array_end = .)

.init_array     0x0800234c        0x0
                0x0800234c                        PROVIDE (__init_array_start = .)
 *(SORT_BY_NAME(.init_array.*))
 *(.init_array*)
                0x0800234c                        PROVIDE (__init_array_end = .)

.fini_array     0x0800234c        0x0
                [!provide]                        PROVIDE (__fini_array_start = .)
 *(SORT_BY_NAME(.fini_array.*))
 *(.fini_array*)
                [!provide]                        PROVIDE (__fini_array_end = .)
                0x0800234c                        _sidata = LOADADDR (.data)

.data           0x20000000        0xc load address 0x0800234c
                0x20000000                        . = ALIGN (0x4)
                0x20000000                        _sdata = .
 *(.data)
 *(.data*)
 .data.SystemCoreClock
                0x20000000        0x4 CMSIS/system_stm32f1xx.o
                0x20000000                SystemCoreClock
 .data.uxTopUsedPriority
                0x20000004        0x4 FreeRTOS/tasks.o
 .data.uxCriticalNesting
                0x20000008        0x4 FreeRTOS/portable/GCC/ARM_CM3/port.o
                0x2000000c                        . = ALIGN (0x4)
                0x2000000c                        _edata = .

.igot.plt       0x2000000c        0x0 load address 0x08002358
 .igot.plt      0x2000000c        0x0 CMSIS/startup_stm32f103xb.o
                0x2000000c                        . = ALIGN (0x4)

.bss            0x2000000c     0x2948 load address 0x08002358
                0x2000000c                        _sbss = .
                0x2000000c                        __bss_start__ = _sbss
 *(.bss)
 *(.bss*)
 .bss.pxCurrentTCB
                0x2000000c        0x4 FreeRTOS/tasks.o
                0x2000000c                pxCurrentTCB
 .bss.pxReadyTasksLists
                0x20000010       0x64 FreeRTOS/tasks.o
 .bss.xDelayedTaskList1
                0x20000074       0x14 FreeRTOS/tasks.o
 .bss.xDelayedTaskList2
                0x20000088       0x14 FreeRTOS/tasks.o
 .bss.pxDelayedTaskList
                0x2000009c        0x4 FreeRTOS/tasks.o
 .bss.pxOverflowDelayedTaskList
                0x200000a0        0x4 FreeRTOS/tasks.o
 .bss.xPendingReadyList
                0x200000a4       0x14 FreeRTOS/tasks.o
 .bss.xTasksWaitingTermination
                0x200000b8       0x14 FreeRTOS/tasks.o
 .bss.uxDeletedTasksWaitingCleanUp
                0x200000cc        0x4 FreeRTOS/tasks.o
 .bss.uxCurrentNumberOfTasks
                0x200000d0        0x4 FreeRTOS/tasks.o
 .bss.xTickCount
                0x200000d4        0x4 FreeRTOS/tasks.o
 .bss.uxTopReadyPriority
                0x200000d8        0x4 FreeRTOS/tasks.o
 .bss.xSchedulerRunning
                0x200000dc        0x4 FreeRTOS/tasks.o
 .bss.xPendedTicks
                0x200000e0        0x4 FreeRTOS/tasks.o
 .bss.xYieldPendings
                0x200000e4        0x4 FreeRTOS/tasks.o
 .bss.xNumOfOverflows
                0x200000e8        0x4 FreeRTOS/tasks.o
 .bss.uxTaskNumber
                0x200000ec        0x4 FreeRTOS/tasks.o
 .bss.xNextTaskUnblockTime
                0x200000f0        0x4 FreeRTOS/tasks.o
 .bss.xIdleTaskHandles
                0x200000f4        0x4 FreeRTOS/tasks.o
 .bss.uxSchedulerSuspended
                0x200000f8        0x4 FreeRTOS/tasks.o
 .bss.xActiveTimerList1
                0x200000fc       0x14 FreeRTOS/timers.o
 .bss.xActiveTimerList2
                0x20000110       0x14 FreeRTOS/timers.o
 .bss.pxCurrentTimerList
                0x20000124        0x4 FreeRTOS/timers.o
 .bss.pxOverflowTimerList
                0x20000128        0x4 FreeRTOS/timers.o
 .bss.xTimerQueue
                0x2000012c        0x4 FreeRTOS/timers.o
 .bss.xTimerTaskHandle
                0x20000130        0x4 FreeRTOS/timers.o
 .bss.xLastTime.0
                0x20000134        0x4 FreeRTOS/timers.o
 .bss.ucHeap    0x20000138     0x2800 FreeRTOS/portable/MemMang/heap_4.o
 .bss.xStart    0x20002938        0x8 FreeRTOS/portable/MemMang/heap_4.o
 .bss.pxEnd     0x20002940        0x4 FreeRTOS/portable/MemMang/heap_4.o
 .bss.xFreeBytesRemaining
                0x20002944        0x4 FreeRTOS/portable/MemMang/heap_4.o
 .bss.xMinimumEverFreeBytesRemaining
                0x20002948        0x4 FreeRTOS/portable/MemMang/heap_4.o
 .bss.xNumberOfSuccessfulAllocations
                0x2000294c        0x4 FreeRTOS/portable/MemMang/heap_4.o
 .bss.xNumberOfSuccessfulFrees
                0x20002950        0x4 FreeRTOS/portable/MemMang/heap_4.o
 *(COMMON)
                0x20002954                        . = ALIGN (0x4)
                0x20002954                        _ebss = .
                0x20002954                        __bss_end__ = _ebss

._user_heap_stack
                0x20002954      0x604 load address 0x08002358
                0x20002958                        . = ALIGN (0x8)
 *fill*         0x20002954        0x4 
                [!provide]                        PROVIDE (end = .)
                [!provide]                        PROVIDE (_end = .)
                0x20002b58                        . = (. + _Min_Heap_Size)
 *fill*         0x20002958      0x200 
                0x20002f58                        . = (. + _Min_Stack_Size)
 *fill*         0x20002b58      0x400 
                0x20002f58                        . = ALIGN (0x8)

/DISCARD/
 libc.a(*)
 libm.a(*)
 libgcc.a(*)

.ARM.attributes
                0x00000000       0x2f
 *(.ARM.attributes)
 .ARM.attributes
                0x00000000       0x21 CMSIS/startup_stm32f103xb.o
 .ARM.attributes
                0x00000021       0x2d CMSIS/system_stm32f1xx.o
 .ARM.attributes
                0x0000004e       0x2d CMSIS/syscalls.o
 .ARM.attributes
                0x0000007b       0x2d src/main.o
 .ARM.attributes
                0x000000a8       0x2d FreeRTOS/list.o
 .ARM.attributes
                0x000000d5       0x2d FreeRTOS/queue.o
 .ARM.attributes
                0x00000102       0x2d FreeRTOS/tasks.o
 .ARM.attributes
                0x0000012f       0x2d FreeRTOS/timers.o
 .ARM.attributes
                0x0000015c       0x2d FreeRTOS/portable/MemMang/heap_4.o
 .ARM.attributes
                0x00000189       0x2d FreeRTOS/portable/GCC/ARM_CM3/port.o
 .ARM.attributes
                0x000001b6       0x2d /usr/lib/gcc/arm-none-eabi/16.1.0/../../../../arm-none-eabi/lib/thumb/v7-m/nofp/libg.a(libc_a-memset.o)
 .ARM.attributes
                0x000001e3       0x2d /usr/lib/gcc/arm-none-eabi/16.1.0/../../../../arm-none-eabi/lib/thumb/v7-m/nofp/libg.a(libc_a-init.o)
 .ARM.attributes
                0x00000210       0x1b /usr/lib/gcc/arm-none-eabi/16.1.0/../../../../arm-none-eabi/lib/thumb/v7-m/nofp/libg.a(libc_a-memcpy.o)
OUTPUT(app.elf elf32-littlearm)
LOAD linker stubs
LOAD /usr/lib/gcc/arm-none-eabi/16.1.0/../../../../arm-none-eabi/lib/thumb/v7-m/nofp/libc.a
LOAD /usr/lib/gcc/arm-none-eabi/16.1.0/../../../../arm-none-eabi/lib/thumb/v7-m/nofp/libm.a
LOAD /usr/lib/gcc/arm-none-eabi/16.1.0/thumb/v7-m/nofp/libgcc.a

.debug_info     0x00000000     0x4ae3
 .debug_info    0x00000000      0x2d1 CMSIS/system_stm32f1xx.o
 .debug_info    0x000002d1      0x422 CMSIS/syscalls.o
 .debug_info    0x000006f3      0x2d4 src/main.o
 .debug_info    0x000009c7      0x2bc FreeRTOS/list.o
 .debug_info    0x00000c83      0xf37 FreeRTOS/queue.o
 .debug_info    0x00001bba     0x19e1 FreeRTOS/tasks.o
 .debug_info    0x0000359b      0xb3a FreeRTOS/timers.o
 .debug_info    0x000040d5      0x472 FreeRTOS/portable/MemMang/heap_4.o
 .debug_info    0x00004547      0x31f FreeRTOS/portable/GCC/ARM_CM3/port.o
 .debug_info    0x00004866      0x13a /usr/lib/gcc/arm-none-eabi/16.1.0/../../../../arm-none-eabi/lib/thumb/v7-m/nofp/libg.a(libc_a-memset.o)
 .debug_info    0x000049a0      0x110 /usr/lib/gcc/arm-none-eabi/16.1.0/../../../../arm-none-eabi/lib/thumb/v7-m/nofp/libg.a(libc_a-init.o)
 .debug_info    0x00004ab0       0x33 /usr/lib/gcc/arm-none-eabi/16.1.0/../../../../arm-none-eabi/lib/thumb/v7-m/nofp/libg.a(libc_a-memcpy.o)

.debug_abbrev   0x00000000     0x10ab
 .debug_abbrev  0x00000000      0x14b CMSIS/system_stm32f1xx.o
 .debug_abbrev  0x0000014b       0xed CMSIS/syscalls.o
 .debug_abbrev  0x00000238      0x169 src/main.o
 .debug_abbrev  0x000003a1       0xe8 FreeRTOS/list.o
 .debug_abbrev  0x00000489      0x1f4 FreeRTOS/queue.o
 .debug_abbrev  0x0000067d      0x2c9 FreeRTOS/tasks.o
 .debug_abbrev  0x00000946      0x201 FreeRTOS/timers.o
 .debug_abbrev  0x00000b47      0x190 FreeRTOS/portable/MemMang/heap_4.o
 .debug_abbrev  0x00000cd7      0x220 FreeRTOS/portable/GCC/ARM_CM3/port.o
 .debug_abbrev  0x00000ef7       0xbd /usr/lib/gcc/arm-none-eabi/16.1.0/../../../../arm-none-eabi/lib/thumb/v7-m/nofp/libg.a(libc_a-memset.o)
 .debug_abbrev  0x00000fb4       0xcf /usr/lib/gcc/arm-none-eabi/16.1.0/../../../../arm-none-eabi/lib/thumb/v7-m/nofp/libg.a(libc_a-init.o)
 .debug_abbrev  0x00001083       0x28 /usr/lib/gcc/arm-none-eabi/16.1.0/../../../../arm-none-eabi/lib/thumb/v7-m/nofp/libg.a(libc_a-memcpy.o)

.debug_aranges  0x00000000      0x588
 .debug_aranges
                0x00000000       0x28 CMSIS/system_stm32f1xx.o
 .debug_aranges
                0x00000028       0x58 CMSIS/syscalls.o
 .debug_aranges
                0x00000080       0x28 src/main.o
 .debug_aranges
                0x000000a8       0x40 FreeRTOS/list.o
 .debug_aranges
                0x000000e8       0xe0 FreeRTOS/queue.o
 .debug_aranges
                0x000001c8      0x1a0 FreeRTOS/tasks.o
 .debug_aranges
                0x00000368       0xe8 FreeRTOS/timers.o
 .debug_aranges
                0x00000450       0x68 FreeRTOS/portable/MemMang/heap_4.o
 .debug_aranges
                0x000004b8       0x70 FreeRTOS/portable/GCC/ARM_CM3/port.o
 .debug_aranges
                0x00000528       0x20 /usr/lib/gcc/arm-none-eabi/16.1.0/../../../../arm-none-eabi/lib/thumb/v7-m/nofp/libg.a(libc_a-memset.o)
 .debug_aranges
                0x00000548       0x20 /usr/lib/gcc/arm-none-eabi/16.1.0/../../../../arm-none-eabi/lib/thumb/v7-m/nofp/libg.a(libc_a-init.o)
 .debug_aranges
                0x00000568       0x20 /usr/lib/gcc/arm-none-eabi/16.1.0/../../../../arm-none-eabi/lib/thumb/v7-m/nofp/libg.a(libc_a-memcpy.o)

.debug_ranges   0x00000000      0x480
 .debug_ranges  0x00000000       0x18 CMSIS/system_stm32f1xx.o
 .debug_ranges  0x00000018       0x48 CMSIS/syscalls.o
 .debug_ranges  0x00000060       0x30 FreeRTOS/list.o
 .debug_ranges  0x00000090       0xd0 FreeRTOS/queue.o
 .debug_ranges  0x00000160      0x190 FreeRTOS/tasks.o
 .debug_ranges  0x000002f0       0xd8 FreeRTOS/timers.o
 .debug_ranges  0x000003c8       0x58 FreeRTOS/portable/MemMang/heap_4.o
 .debug_ranges  0x00000420       0x60 FreeRTOS/portable/GCC/ARM_CM3/port.o

.debug_line     0x00000000     0x2fe6
 .debug_line    0x00000000      0x1a8 CMSIS/system_stm32f1xx.o
 .debug_line    0x000001a8      0x16e CMSIS/syscalls.o
 .debug_line    0x00000316      0x16e src/main.o
 .debug_line    0x00000484      0x1d4 FreeRTOS/list.o
 .debug_line    0x00000658      0x964 FreeRTOS/queue.o
 .debug_line    0x00000fbc      0xfb2 FreeRTOS/tasks.o
 .debug_line    0x00001f6e      0x5e1 FreeRTOS/timers.o
 .debug_line    0x0000254f      0x3fb FreeRTOS/portable/MemMang/heap_4.o
 .debug_line    0x0000294a      0x2a3 FreeRTOS/portable/GCC/ARM_CM3/port.o
 .debug_line    0x00002bed      0x21c /usr/lib/gcc/arm-none-eabi/16.1.0/../../../../arm-none-eabi/lib/thumb/v7-m/nofp/libg.a(libc_a-memset.o)
 .debug_line    0x00002e09      0x120 /usr/lib/gcc/arm-none-eabi/16.1.0/../../../../arm-none-eabi/lib/thumb/v7-m/nofp/libg.a(libc_a-init.o)
 .debug_line    0x00002f29       0xbd /usr/lib/gcc/arm-none-eabi/16.1.0/../../../../arm-none-eabi/lib/thumb/v7-m/nofp/libg.a(libc_a-memcpy.o)

.debug_str      0x00000000     0x1fc0
 .debug_str     0x00000000     0x1fc0 CMSIS/system_stm32f1xx.o
                                0x22d (size before relaxing)
 .debug_str     0x00001fc0        0x0 CMSIS/syscalls.o
                                0x2dc (size before relaxing)
 .debug_str     0x00001fc0        0x0 src/main.o
                                0x284 (size before relaxing)
 .debug_str     0x00001fc0        0x0 FreeRTOS/list.o
                                0x295 (size before relaxing)
 .debug_str     0x00001fc0        0x0 FreeRTOS/queue.o
                                0x747 (size before relaxing)
 .debug_str     0x00001fc0        0x0 FreeRTOS/tasks.o
                                0xdbb (size before relaxing)
 .debug_str     0x00001fc0        0x0 FreeRTOS/timers.o
                                0x744 (size before relaxing)
 .debug_str     0x00001fc0        0x0 FreeRTOS/portable/MemMang/heap_4.o
                                0x46a (size before relaxing)
 .debug_str     0x00001fc0        0x0 FreeRTOS/portable/GCC/ARM_CM3/port.o
                                0x321 (size before relaxing)
 .debug_str     0x00001fc0        0x0 /usr/lib/gcc/arm-none-eabi/16.1.0/../../../../arm-none-eabi/lib/thumb/v7-m/nofp/libg.a(libc_a-memset.o)
                                0x1cd (size before relaxing)
 .debug_str     0x00001fc0        0x0 /usr/lib/gcc/arm-none-eabi/16.1.0/../../../../arm-none-eabi/lib/thumb/v7-m/nofp/libg.a(libc_a-init.o)
                                0x21a (size before relaxing)
 .debug_str     0x00001fc0        0x0 /usr/lib/gcc/arm-none-eabi/16.1.0/../../../../arm-none-eabi/lib/thumb/v7-m/nofp/libg.a(libc_a-memcpy.o)
                                 0xb7 (size before relaxing)

.comment        0x00000000       0x51
 .comment       0x00000000       0x51 CMSIS/system_stm32f1xx.o
                                 0x34 (size before relaxing)
 .comment       0x00000051        0x0 CMSIS/syscalls.o
                                 0x34 (size before relaxing)
 .comment       0x00000051        0x0 src/main.o
                                 0x1f (size before relaxing)
 .comment       0x00000051        0x0 FreeRTOS/list.o
                                 0x34 (size before relaxing)
 .comment       0x00000051        0x0 FreeRTOS/queue.o
                                 0x34 (size before relaxing)
 .comment       0x00000051        0x0 FreeRTOS/tasks.o
                                 0x34 (size before relaxing)
 .comment       0x00000051        0x0 FreeRTOS/timers.o
                                 0x34 (size before relaxing)
 .comment       0x00000051        0x0 FreeRTOS/portable/MemMang/heap_4.o
                                 0x34 (size before relaxing)
 .comment       0x00000051        0x0 FreeRTOS/portable/GCC/ARM_CM3/port.o
                                 0x34 (size before relaxing)
 .comment       0x00000051        0x0 /usr/lib/gcc/arm-none-eabi/16.1.0/../../../../arm-none-eabi/lib/thumb/v7-m/nofp/libg.a(libc_a-memset.o)
                                 0x1f (size before relaxing)
 .comment       0x00000051        0x0 /usr/lib/gcc/arm-none-eabi/16.1.0/../../../../arm-none-eabi/lib/thumb/v7-m/nofp/libg.a(libc_a-init.o)
                                 0x1f (size before relaxing)

.debug_frame    0x00000000     0x148c
 .debug_frame   0x00000000       0x58 CMSIS/system_stm32f1xx.o
 .debug_frame   0x00000058      0x13c CMSIS/syscalls.o
 .debug_frame   0x00000194       0x50 src/main.o
 .debug_frame   0x000001e4       0xd8 FreeRTOS/list.o
 .debug_frame   0x000002bc      0x3a8 FreeRTOS/queue.o
 .debug_frame   0x00000664      0x71c FreeRTOS/tasks.o
 .debug_frame   0x00000d80      0x3b4 FreeRTOS/timers.o
 .debug_frame   0x00001134      0x170 FreeRTOS/portable/MemMang/heap_4.o
 .debug_frame   0x000012a4      0x168 FreeRTOS/portable/GCC/ARM_CM3/port.o
 .debug_frame   0x0000140c       0x2c /usr/lib/gcc/arm-none-eabi/16.1.0/../../../../arm-none-eabi/lib/thumb/v7-m/nofp/libg.a(libc_a-memset.o)
 .debug_frame   0x00001438       0x2c /usr/lib/gcc/arm-none-eabi/16.1.0/../../../../arm-none-eabi/lib/thumb/v7-m/nofp/libg.a(libc_a-init.o)
 .debug_frame   0x00001464       0x28 /usr/lib/gcc/arm-none-eabi/16.1.0/../../../../arm-none-eabi/lib/thumb/v7-m/nofp/libg.a(libc_a-memcpy.o)

.debug_rnglists
                0x00000000       0x40
 .debug_rnglists
                0x00000000       0x19 src/main.o
 .debug_rnglists
                0x00000019       0x14 /usr/lib/gcc/arm-none-eabi/16.1.0/../../../../arm-none-eabi/lib/thumb/v7-m/nofp/libg.a(libc_a-memset.o)
 .debug_rnglists
                0x0000002d       0x13 /usr/lib/gcc/arm-none-eabi/16.1.0/../../../../arm-none-eabi/lib/thumb/v7-m/nofp/libg.a(libc_a-init.o)

.debug_loclists
                0x00000000      0x16d
 .debug_loclists
                0x00000000      0x101 /usr/lib/gcc/arm-none-eabi/16.1.0/../../../../arm-none-eabi/lib/thumb/v7-m/nofp/libg.a(libc_a-memset.o)
 .debug_loclists
                0x00000101       0x6c /usr/lib/gcc/arm-none-eabi/16.1.0/../../../../arm-none-eabi/lib/thumb/v7-m/nofp/libg.a(libc_a-init.o)

.debug_line_str
                0x00000000       0xa2
 .debug_line_str
                0x00000000       0xa2 /usr/lib/gcc/arm-none-eabi/16.1.0/../../../../arm-none-eabi/lib/thumb/v7-m/nofp/libg.a(libc_a-memcpy.o)
